19207
27964
25111
18302
29618
29391
28757
29726
28963
