26161401
29353073
26503693
29575130
29181427
26957147
29168702
29579634
29756084
6149919
26904867
28754520
27308586
27931125
29814510
29469226
29477253
29500000
28508320
28887841
25192330
28528987
26889801
22854158
28080536
28078080
29433538
29344743
29403540
27580319
29549230
28754944
29422380
24329645
13834114
24990009
18265153
29396784
28938397
28265264
29594377
28730494
28115155
13611509
29764172
26715821
26874084
27493927
28078150
24962067
29760045
29650747
29677703
29528484
27243011
29295882
29843233
28724995
29498705
