-1638028815
-2022520139
-1377011919
-1394790065
-1306111860
-1503710008
-1384501600
-1435546173
-1380886970
-1381760580
-1422732078
-1330861094
-1332930916
-1387024573
-1363270093
-1462752075
-1380354895
-1570519840
-1499413552
-1611765018
-1328538745
-1455902769
-1404377946
-1774383155
-1552650989
-1329196068
-1349218355
-1425743010
-1308861495
-1468313887
-1432170106
-1355696351
-1324138294
-1344344375
1941573427
-1380166360
-1352483513
-1409954892
