-1489715538
-1371949335
-1875414871
-1361997108
-1851655910
-1397885727
-1336751173
-1357710303
-1466668119
-1324784116
-1329822872
-1418535510
-1387980323
-1402167197
-1420115134
-1320465388
-1381887867
-1622815882
-1345724393
-1582458710
-1366786697
