-1623352406
-1371336289
-1608589296
-1713985530
-1336513250
-1338676715
-1449318617
-1382666522
-1595517879
-1706791557
1276980955
-1335807201
-1691023996
-1542840329
-1382689167
-1382672193
-1439436578
-1856274272
-1868347848
-2009966519
-1441207676
-1547595293
-1533079014
-1379742374
-1691605470
-1374280997
1423015663
-1319555447
-1391798795
-1376223625
-1512572591
-1370033477
-1436339230
-1350736428
-1596332139
-1353953023
-1427905643
-1932072136
-1422271238
2051906903
-1316698498
-1326820559
-1426705781
-1321042610
-1438584110
-1790782099
-1361880710
-2057745572
-1324375426
-1608433886
-1597284028
-1461561032
-1837705695
-1433863252
-1354654109
-1350482599
-1357563763
-1360770121
1948856159
-1389261900
-1512200732
-1381530452
-1320861701
-1339404980
-1399739028
-1517710497
-1395204730
-1347399055
-1410681448
