29696
24102
28421
29837
29748
26975
29462
29021
27959
