29455799
25570970
26993439
29365090
29209854
29761977
28768115
25640760
29267851
28814065
29735725
28761022
29692798
29410726
29382907
29266854
28363877
27408789
28966404
29480773
