28591635
29009667
29693826
28417703
28424768
28792556
25445795
29798831
27956891
29574314
28863641
28102974
29374517
29393006
29004887
26862319
28890694
28748389
29479748
29690372
29590421
17708096
29355203
29538320
29639232
25813465
29550058
29478202
27204914
27518099
29731685
29479461
29367733
28720979
29268950
28931067
28897608
29762467
28898034
29619554
29426452
24946639
29604628
25162206
28917848
27193439
20457407
28838005
25346337
27783243
29335216
29590185
25442527
29781492
