28880433
29662545
28225457
29756978
25580672
29169738
29495107
22935353
29664763
29006165
29259334
29761820
19313183
29187717
29456470
29438790
27588663
28363795
27350987
27291372
27910170
28841664
28921740
29160522
28924000
29026779
6239733
29493531
27867256
29060740
25677826
29522863
25598103
29313981
29292704
15556018
