27648453
29467321
29834507
29063670
27748879
27172592
29423191
26079583
28906842
27895296
26739983
28408486
28170232
25818830
29301650
28941178
28647867
29706437
29102683
29514635
29603774
29588840
28756345
29589342
29255924
29402229
28377552
18822655
28976262
28905778
29283631
26749358
28147282
26061174
27686460
29824625
26756226
26113753
29170828
24462893
29217527
27902859
28035377
28811258
22585866
28632251
29144818
29288219
28529378
29397333
16606876
27249924
29825985
28795129
27879713
27690766
28509213
26328481
28964052
29173987
29345584
25677083
29064555
29091137
29391710
28698009
26676954
24865696
28556213
14628711
28747579
16174650
26539939
28136874
29008415
29621027
29206889
28695831
27543765
28632240
28374337
28739201
28857056
29285992
27943939
26457925
